King Sudoku #1, king1.sudoku
King Sudoku #2, king2.sudoku
King Sudoku #3, king3.sudoku
King Sudoku #4, king4.sudoku
King Sudoku #5, king5.sudoku
King Sudoku #6, king6.sudoku
King Sudoku #7, king7.sudoku
King Sudoku #8, king8.sudoku
King Sudoku #9, king9.sudoku
King Sudoku #10, king10.sudoku