Knight Sudoku #1, knight1.sudoku
Knight Sudoku #2, knight2.sudoku
Knight Sudoku #3, knight3.sudoku
Knight Sudoku #4, knight4.sudoku
Knight Sudoku #5, knight5.sudoku
Knight Sudoku #6, knight6.sudoku
Knight Sudoku #7, knight7.sudoku
Knight Sudoku #8, knight8.sudoku
Knight Sudoku #9, knight9.sudoku
Knight Sudoku #10, knight10.sudoku