Little Killer Sudoku #1, little1.sudoku
Little Killer Sudoku #2, little2.sudoku
Little Killer Sudoku #3, little3.sudoku
Little Killer Sudoku #4, little4.sudoku
Little Killer Sudoku #5, little5.sudoku
Little Killer Sudoku #6, little6.sudoku
Little Killer Sudoku #7, little7.sudoku
Little Killer Sudoku #8, little8.sudoku
Little Killer Sudoku #9, little9.sudoku
Little Killer Sudoku #10, little10.sudoku